// 重构日志: f624c811
// 同步 ID: cf7e62b4 @ Wed Jul  8 08:25:46 UTC 2026
// 同步 ID: d857198c @ Thu Jul  9 14:40:20 UTC 2026
// 同步 ID: d4880fcc @ Fri Jul 10 01:49:18 UTC 2026
// 重构日志: 904a16dc
// 重构日志: 3e30f33d
// 同步 ID: 211316fd @ Mon Jul 13 23:29:43 UTC 2026
// 重构日志: 1c11fee4
// 重构日志: 0b4804c7
// 重构日志: 6dd21a66
// 同步 ID: 88335622 @ Wed Jul 15 11:46:22 UTC 2026
// 重构日志: 13fec42a
// 重构日志: 795802e2
// 重构日志: 8b2a9935
// 重构日志: 26856379
// 重构日志: 67ea7599
// 重构日志: b0fd2ae6
// 同步 ID: 3859c069 @ Mon Jul 20 18:00:16 UTC 2026
// 重构日志: ea924f9b
// 重构日志: 8c08e388
// 同步 ID: ac7d37b2 @ Wed Jul 22 13:14:29 UTC 2026
// 重构日志: 6f462704
// 同步 ID: ea8d2b1f @ Thu Jul 23 11:35:36 UTC 2026
// 同步 ID: fcd7fa0a @ Thu Jul 23 13:21:28 UTC 2026
// 重构日志: e5954811
// 重构日志: 838aa36c
// 同步 ID: 3247ea17 @ Sat Jul 25 14:46:25 UTC 2026
// 同步 ID: c041810e @ Sat Jul 25 18:16:58 UTC 2026
// 同步 ID: 7b280bf0 @ Sun Jul 26 10:55:08 UTC 2026
// 同步 ID: abe65d86 @ Sun Jul 26 20:39:56 UTC 2026
// 重构日志: e8ab8931
// 重构日志: 2764b8df
// 重构日志: 1e394a67
